▲ Next.js 16.1.6
- Local:         http://localhost:3000
- Network:       http://0.0.0.0:3000

✓ Starting...
✓ Ready in 119ms
[Error: An error occurred in the Server Components render. The specific message is omitted in production builds to avoid leaking sensitive details. A digest property is included on this error instance which may provide additional details about the nature of the error.] {
  digest: 'DYNAMIC_SERVER_USAGE'
}
⨯ [Error: An error occurred in the Server Components render. The specific message is omitted in production builds to avoid leaking sensitive details. A digest property is included on this error instance which may provide additional details about the nature of the error.] {
  digest: 'DYNAMIC_SERVER_USAGE'
}
⨯ [Error: An error occurred in the Server Components render. The specific message is omitted in production builds to avoid leaking sensitive details. A digest property is included on this error instance which may provide additional details about the nature of the error.] {
  digest: 'DYNAMIC_SERVER_USAGE'
}
[Error: An error occurred in the Server Components render. The specific message is omitted in production builds to avoid leaking sensitive details. A digest property is included on this error instance which may provide additional details about the nature of the error.] {
  digest: 'DYNAMIC_SERVER_USAGE'
}
⨯ [Error: An error occurred in the Server Components render. The specific message is omitted in production builds to avoid leaking sensitive details. A digest property is included on this error instance which may provide additional details about the nature of the error.] {
  digest: 'DYNAMIC_SERVER_USAGE'
}
⨯ [Error: An error occurred in the Server Components render. The specific message is omitted in production builds to avoid leaking sensitive details. A digest property is included on this error instance which may provide additional details about the nature of the error.] {
  digest: 'DYNAMIC_SERVER_USAGE'
}
[Error: An error occurred in the Server Components render. The specific message is omitted in production builds to avoid leaking sensitive details. A digest property is included on this error instance which may provide additional details about the nature of the error.] {
  digest: 'DYNAMIC_SERVER_USAGE'
}
⨯ [Error: An error occurred in the Server Components render. The specific message is omitted in production builds to avoid leaking sensitive details. A digest property is included on this error instance which may provide additional details about the nature of the error.] {
  digest: 'DYNAMIC_SERVER_USAGE'
}
⨯ [Error: An error occurred in the Server Components render. The specific message is omitted in production builds to avoid leaking sensitive details. A digest property is included on this error instance which may provide additional details about the nature of the error.] {
  digest: 'DYNAMIC_SERVER_USAGE'
}
